// Vitest Snapshot v1

exports[`按钮 1`] = `
<button
  className="ant-btn ant-btn-primary"
  disabled={false}
  onClick={[Function]}
  type="button"
>
  <span>
    按 钮
  </span>
</button>
`;
