// Vitest Snapshot v1

exports[`快照 1`] = `"FOOBAR"`;
